114829205      +22 Terence0914      mismatch 0/0 | EGG -6, MELON +0, CARROT +0, WOOL +0
114799669      +33 Arnav Goel       mismatch 0/0 | MILK -32, MELON +0, CARROT +0, WHEAT +0
114768589      +34 Kilupy           mismatch 0/0 | WOOL -40, MELON +0, CARROT +0, EGG +0
114824522      +60 Rita-1021        mismatch 0/0 | MELON +0, WOOL +0, WHEAT +0, EGG +0
114806870      +90 Georgy Mamarin   mismatch 0/0 | CARROT -411, STRAWBERRY -243, EGG -3, MELON +0
114788382      +97 Luvsh81          mismatch 0/0 | WHEAT -176, MELON +0, WOOL +0, TOMATO +0
114801149      +97 Mason Cao        mismatch 0/0 | CARROT -40, MELON +0, WOOL +0, WHEAT +0
114781937     +109 Chattso-GPT (Yas mismatch 0/0 | MELON +0, CARROT +0, WOOL +0, EGG +0
114771608     +112 Meng Di          mismatch 0/0 | FERTILIZER -58, MELON +0, CARROT +0, WOOL +0
114773189     +120 Kagdew Valley_He mismatch 0/0 | EGG -3, WHEAT -2, MELON +0, CARROT +0
114782142     +134 hb and ys        mismatch 0/0 | CARROT -3, MELON +0, MILK +0, WOOL +8
114798321     +150 wyz0210          mismatch 0/0 | EGG -5, MELON +0, CARROT +0, WOOL +0
114795287     +167 Linh Le          mismatch 0/0 | EGG -1, MELON +0, CARROT +0, WOOL +0
114764123     +185 Supermercado     mismatch 0/0 | CARROT -5, MELON +0, WOOL +0, STRAWBERRY +2
114767722     +194 ykuroka          mismatch 0/0 | MILK -55, MELON +0, WOOL +0, WHEAT +5
114770097     +217 Guido Tapia      mismatch 0/0 | MELON +0, CARROT +0, WOOL +0, STRAWBERRY +0
114796979     +229 Timon Wendland   mismatch 0/0 | MELON +0, CARROT +0, FERTILIZER +13, MILK +29
114820361     +238 Владислав Ковкін mismatch 0/0 | FERTILIZER -237, CARROT -66, MILK -39, WOOL -23
114774446     +241 Sian             mismatch 0/0 | WHEAT -2, MELON +0, CARROT +0, MILK +50
114809660     +254 yygg2026         mismatch 0/0 | WOOL -8, WHEAT -5, MELON +0, CARROT +0
114804183     +259 dvv_ram          mismatch 0/0 | MILK -148, CARROT -24, WHEAT -8, EGG -5
114818945     +288 misis biznessmen mismatch 0/0 | WHEAT -443, WOOL -217, MELON +0, FERTILIZER +54
114789654     +290 Carson Rodrigues mismatch 0/0 | WHEAT -319, FERTILIZER -125, WOOL -78, MELON +0
114831863     +293 PeterDreamHan    mismatch 0/0 | WHEAT -6, MELON +0, CARROT +0, WOOL +0
114792296     +308 umair zia        mismatch 0/0 | FERTILIZER -61, WHEAT -51, MELON +0, MILK +35
114778229     +350 HiroyukiSasaki   mismatch 0/0 | WHEAT -2, MELON +0, WOOL +0, EGG +3
114829158     +437 colum2131        mismatch 0/0 | EGG -183, CARROT -98, MILK -3, MELON +0
114855695     +480 hatakazu93       mismatch 0/0 | MILK -738, CARROT -729, WHEAT -240, STRAWBERRY -61
114767093     +511 yoshino          mismatch 0/0 | EGG -249, CARROT -21, MELON +0, FERTILIZER +77
114827834     +603 Sophinator       mismatch 0/0 | FERTILIZER -78, EGG -59, CARROT -2, MELON +0
114779154   +1,240 koala_bear       mismatch 0/0 | EGG -11, MELON +0, CARROT +0, MILK +0
114832235   +2,476 lihaoruolhr      mismatch 0/0 | FERTILIZER -433, MILK -407, CARROT -352, MELON +0
114802687   +2,939 lyre lin         mismatch 0/0 | MELON +0, CARROT +0, WOOL +0, EGG +0
114752255   +3,246 GoPreCure        mismatch 0/0 | MILK -5,763, FERTILIZER -1,375, STRAWBERRY -1,146, MELON +0
114780447   +3,886 Siyuan Wang      mismatch 0/0 | STRAWBERRY -6,929, EGG -6,691, WHEAT -4,617, MILK -4,569
114822044  +11,783 pangzi233        mismatch 0/0 | EGG -12,665, WHEAT -8,709, CARROT -6,003, STRAWBERRY -3,541
FLOWS_EXIT=0
