114896463  -24,448 juliencst        mismatch 0/0 | WHEAT -9,174, EGG -7,115, MILK -3,225, CARROT -1,988
114938970  -16,386 cununn           mismatch 0/0 | WHEAT -13,400, EGG -5,939, TOMATO -5,884, CARROT -2,155
114928894  -12,565 HireMe           mismatch 0/0 | STRAWBERRY -14,537, WHEAT -8,007, EGG -109, CARROT -41
114883083   -8,477 Breaking1800     mismatch 0/0 | WOOL -8,625, TOMATO -6,664, WHEAT -5,943, EGG -5,235
114899444   -8,096 Zhu Liang        mismatch 0/0 | CARROT -7,421, WOOL -6,952, WHEAT -6,449, FERTILIZER -1,339
114866049   -7,557 GPTatoes         mismatch 0/0 | EGG -9,453, CARROT -3,566, WHEAT -3,379, STRAWBERRY -2,293
115051399   -7,045 Closed Loop      mismatch 0/0 | TOMATO -6,306, STRAWBERRY -5,542, WHEAT -4,518, CARROT -1,489
114881743   -5,242 Carson Rodrigues mismatch 0/0 | WOOL -2,277, STRAWBERRY -621, WHEAT -515, CARROT -490
114971296   -2,216 wally0593        mismatch 0/0 | WHEAT -1,272, STRAWBERRY -999, CARROT -156, FERTILIZER -149
115000953   -1,812 crasal           mismatch 0/0 | MILK -894, STRAWBERRY -625, CARROT -166, FERTILIZER -62
114934892     -832 DASH村            mismatch 0/0 | WOOL -587, STRAWBERRY -189, CARROT -28, FERTILIZER -19
114875945     -782 Ryo              mismatch 0/0 | WHEAT -2,130, CARROT -160, EGG -111, WOOL +61
114923017     -637 shreyash kumar   mismatch 0/0 | STRAWBERRY -394, MILK -226, WOOL -41, CARROT -11
115069665     -414 Mehrdad Naderi   mismatch 0/0 | STRAWBERRY -476, MILK -153, FERTILIZER -40, CARROT -3
114901262     -409 zijun zhang      mismatch 0/0 | TOMATO -402, STRAWBERRY -126, EGG -44, MELON +0
114909455     -367 codezzzsleep     mismatch 0/0 | WOOL -189, STRAWBERRY -105, MILK -54, CARROT -17
114935187     -329 Yam              mismatch 0/0 | STRAWBERRY -121, MILK -92, WOOL -77, FERTILIZER -35
115116110     -260 Canon            mismatch 0/0 | MILK -260, STRAWBERRY -30, WHEAT -5, MELON +0
114950439     -197 Hıdır BozkurtT   mismatch 0/0 | MILK -121, FERTILIZER -54, STRAWBERRY -40, CARROT -37
114916288     -141 Tien N.          mismatch 0/0 | MILK -122, STRAWBERRY -34, CARROT -6, MELON +0
115123516      -97 YKuma            mismatch 0/0 | CARROT -451, WOOL -18, EGG -14, MELON +0
114948633      -91 Gaiar Baimuratov mismatch 0/0 | MILK -158, STRAWBERRY -81, CARROT -4, MELON +0
114962712      -90 Pranav Thota     mismatch 0/0 | CARROT -469, FERTILIZER -125, STRAWBERRY -58, EGG -27
115125107      -43 YKuma            mismatch 0/0 | WHEAT -455, FERTILIZER -49, WOOL -4, MELON +0
114881292      -23 Hamachi          mismatch 0/0 | STRAWBERRY -4,609, WOOL -76, CARROT -55, MELON +0
