114896463  -24,448 juliencst          gap d10  +3,523 d20 -17,654 d25 -20,165 | last ahead step 294 | income gaps WHEAT -8,377, MILK -8,147, EGG -5,820
114938970  -16,386 cununn             gap d10  +3,443 d20  -4,616 d25  -8,127 | last ahead step 330 | income gaps STRAWBERRY -9,856, WHEAT -9,014, WOOL -8,242
114928894  -12,565 HireMe             gap d10     +10 d20  +1,901 d25  -6,667 | last ahead step 594 | income gaps WOOL -625, MILK -251, CARROT -28
114883083   -8,477 Breaking1800       gap d10  +3,132 d20    +715 d25  +4,415 | last ahead step 648 | income gaps WHEAT -34,283, STRAWBERRY -23,548, TOMATO -5,968
114899444   -8,096 Zhu Liang          gap d10  +3,049 d20  +1,745 d25  -4,666 | last ahead step 549 | income gaps WOOL -11,314, CARROT -5,161, WHEAT -5,138
114866049   -7,557 GPTatoes           gap d10    +811 d20 -12,786 d25  -9,150 | last ahead step 301 | income gaps STRAWBERRY -8,706, EGG -7,903, CARROT -3,927
115051399   -7,045 Closed Loop        gap d10  +2,152 d20  -1,363 d25  -3,863 | last ahead step 545 | income gaps STRAWBERRY -17,616, MILK -15,094, TOMATO -5,890
114881743   -5,242 Carson Rodrigues   gap d10     -71 d20  -1,296 d25  -3,625 | last ahead step 511 | income gaps WHEAT -53,747, WOOL -13,522, CARROT -534
114971296   -2,216 wally0593          gap d10  +2,390 d20    -516 d25  -2,257 | last ahead step 657 | income gaps WOOL -28,265, WHEAT -1,152, STRAWBERRY -1,062
115000953   -1,812 crasal             gap d10     +33 d20     +44 d25    -151 | last ahead step 556 | income gaps MILK -1,104, CARROT -366, STRAWBERRY -8
114934892     -832 DASH村              gap d10      +3 d20    -197 d25    -803 | last ahead step 384 | income gaps STRAWBERRY -516, CARROT -52, WOOL -51
114875945     -782 Ryo                gap d10    +305 d20    +372 d25    -532 | last ahead step 717 | income gaps MILK -1,698, FERTILIZER -1,367, CARROT -126
114923017     -637 shreyash kumar     gap d10      +2 d20      +9 d25    -593 | last ahead step 498 | income gaps CARROT -3, WHEAT +0, TOMATO +0
115069665     -414 Mehrdad Naderi     gap d10      -5 d20    -153 d25    +150 | last ahead step 712 | income gaps STRAWBERRY -539, MILK -357, FERTILIZER -214
114901262     -409 zijun zhang        gap d10      +0 d20     -16 d25      -5 | last ahead step 595 | income gaps TOMATO -437, EGG -44, CARROT +0
114909455     -367 codezzzsleep       gap d10      +4 d20    -198 d25    -350 | last ahead step 481 | income gaps STRAWBERRY -310, WOOL -51, WHEAT +0
114935187     -329 Yam                gap d10      -7 d20     -49 d25    -139 | last ahead step None | income gaps STRAWBERRY -201, CARROT -41, WHEAT +0
115116110     -260 Canon              gap d10      +0 d20      +5 d25     -34 | last ahead step 552 | income gaps MILK -144, STRAWBERRY -48, WHEAT +0
114950439     -197 Hıdır BozkurtT     gap d10      +5 d20      -1 d25     -61 | last ahead step 361 | income gaps MILK -141, CARROT -34, WHEAT +0
114916288     -141 Tien N.            gap d10      +2 d20      +9 d25     -24 | last ahead step 576 | income gaps STRAWBERRY -180, MILK -17, CARROT -3
115123516      -97 YKuma              gap d10      +2 d20     -74 d25     -97 | last ahead step 573 | income gaps CARROT -454, TOMATO +0, STRAWBERRY +0
114948633      -91 Gaiar Baimuratov   gap d10      +2 d20      +9 d25    +194 | last ahead step 613 | income gaps MILK -275, FERTILIZER -21, CARROT +0
114962712      -90 Pranav Thota       gap d10    +195 d20     -75 d25    -203 | last ahead step 651 | income gaps CARROT -463, EGG -24, TOMATO +0
115125107      -43 YKuma              gap d10      +5 d20      -1 d25    -414 | last ahead step 647 | income gaps WHEAT -124, FERTILIZER -14, STRAWBERRY -10
114881292      -23 Hamachi            gap d10      +0 d20  +1,010 d25  +2,019 | last ahead step 718 | income gaps STRAWBERRY -5,313, WOOL -106, TOMATO +0
