2026-09-28 18:52:07 colab4 before: Current balance: 81.74 compute units | Usage rate: 0.00/hr
2026-09-28 18:52:11 [kad-hp1] colab4 link: https://colab.research.google.com/notebooks/empty.ipynb?dbu=%2Ftun%2Fm%2Ftpu-v5e1-s-kkb-usw1c1-1b8y843t5lhdh#datalabBackendUrl=https://colab.research.google.com/tun/m/tpu-v5e1-s-kkb-usw1c1-1b8y843t5lhdh
2026-09-28 18:52:12 colab4 with the VM: Current balance: 81.74 compute units | Usage rate: 2.92/hr
2026-09-28 18:52:13 uploaded code.tar.gz (0.0 MB, 1 s)
2026-09-28 18:52:14 uploaded launch.json (0.0 MB, 1 s)
2026-09-28 18:52:15 uploaded links.json (0.1 MB, 1 s)
2026-09-28 18:52:43 uploaded last.pt (248.7 MB, 29 s)
2026-09-28 18:52:54 uploaded best.pt (82.9 MB, 10 s)
2026-09-28 18:52:56 uploaded metrics.jsonl (2.2 MB, 3 s)
2026-09-28 18:52:57 uploaded scores.json (0.0 MB, 1 s)
2026-09-28 18:52:58 uploaded config.json (0.0 MB, 1 s)
2026-09-28 18:52:59 uploaded colab_train_vm.py (0.0 MB, 1 s)
2026-09-28 18:53:00 started colab_train_vm.py on the VM
2026-09-28 18:53:01 VM: 
2026-09-28 19:04:15 VM: 19:04:11 JOB_STAGE self-test
2026-09-28 19:06:20 VM validation: {"event": "validation", "step": 0, "job_ce": 3.6891834347747094, "job_accuracy": 0.04883720930232558, "amount_ce": 4.690877814041941, "amount_accuracy": 0.0, "target_ce": 4.617514292399089, "target_accuracy": 0.0078125, "now_ce": 1.7830231422601743, "now_accuracy": 0.17674418604651163, "order_ce": 3.1682289123535154, "order_accuracy": 0.07708333333333334, "order_amount_ce": 4.548618625950169, "order_amount_accuracy": 0.0, "val_loss": 22.497446221779597, "farmer_command_accuracy": 0.0625, "hands_command_accuracy": 0.06544502617801047, "market_command_accuracy": 0.0, "first_active_command_accuracy": 0.041916167664670656, "val_items": {"job": 430, "amount": 19, "target": 384, "now": 430, "order": 480, "order_amount": 222}, "job_ce_weighted": 3.689192234897134, "job_accuracy_weighted": 0.04882436207761248, "amount_ce_weighted": 4.6905220765265145, "amount_accuracy_weighted": 0.0, "target_ce_
2026-09-28 19:07:21 VM validation: {"event": "validation", "step": 20, "job_ce": 3.3441116687863373, "job_accuracy": 0.25116279069767444, "amount_ce": 4.3736114501953125, "amount_accuracy": 0.2631578947368421, "target_ce": 4.491912206013997, "target_accuracy": 0.09375, "now_ce": 1.5780923532885174, "now_accuracy": 0.4511627906976744, "order_ce": 2.3639910380045572, "order_accuracy": 0.5041666666666667, "order_amount_ce": 4.330634589667793, "order_amount_accuracy": 0.14864864864864866, "val_loss": 20.482353305956515, "farmer_command_accuracy": 0.22916666666666666, "hands_command_accuracy": 0.12827225130890052, "market_command_accuracy": 0.0, "first_active_command_accuracy": 0.08982035928143713, "val_items": {"job": 430, "amount": 19, "target": 384, "now": 430, "order": 480, "order_amount": 222}, "job_ce_weighted": 3.344079964903316, "job_accuracy_weighted": 0.2511150668855832, "amount_ce_weighted": 4.373568108580729, "amou
2026-09-28 19:07:21 VM train: {"event": "train", "step": 20, "epoch": 0, "loss": 19.54387855529785, "job": 3.2804, "amount": 4.3776, "target": 4.4602, "now": 1.4343, "order": 1.8825, "order_amount": 4.109, "lr": 1.4999999999999999e-05, "elapsed_s": 92.24, "turns_per_s": 7.5, "peak_gpu_bytes": 0}
2026-09-28 19:08:23 VM: 19:07:29 JOB_STAGE self-test passed: prepare {'train': {'episodes': 22, 'seats': 44, 'rows': 31636}, 'val': {'episodes': 26, 'seats': 52, 'rows': 37388}}; resumed run reached step 20, first-action command acc 0.090
2026-09-28 19:15:43 VM: 19:15:35 JOB_STAGE train round 1: 59 days (2026-07-30..2026-09-27), 79980 training files, 102 validation files, 21.91 h
2026-09-28 19:17:45 VM train: {"event": "train", "step": 150200, "epoch": 1, "loss": 1.0436887741088867, "job": 0.2493, "amount": 0.0805, "target": 0.1455, "now": 0.0591, "order": 0.1077, "order_amount": 0.4016, "lr": 0.00017164227821225972, "elapsed_s": 121.81, "turns_per_s": 325.3, "peak_gpu_bytes": 0}
2026-09-28 19:23:58 token refresh: ok
2026-09-28 19:28:10 VM train: {"event": "train", "step": 153380, "epoch": 1, "loss": 1.1269962787628174, "job": 0.192, "amount": 0.1044, "target": 0.1639, "now": 0.0508, "order": 0.0684, "order_amount": 0.5476, "lr": 0.0001703102973581587, "elapsed_s": 748.04, "turns_per_s": 322.5, "peak_gpu_bytes": 0}
2026-09-28 19:38:25 VM train: {"event": "train", "step": 156500, "epoch": 1, "loss": 1.5784828662872314, "job": 0.2324, "amount": 0.036, "target": 0.2052, "now": 0.0613, "order": 0.1644, "order_amount": 0.8792, "lr": 0.00016897917515548428, "elapsed_s": 1362.37, "turns_per_s": 319.3, "peak_gpu_bytes": 0}
2026-09-28 19:48:43 VM train: {"event": "train", "step": 159620, "epoch": 1, "loss": 1.1796599626541138, "job": 0.27, "amount": 0.0338, "target": 0.2085, "now": 0.082, "order": 0.1369, "order_amount": 0.4483, "lr": 0.00016761717253444718, "elapsed_s": 1979.91, "turns_per_s": 325.5, "peak_gpu_bytes": 0}
2026-09-28 19:50:45 VM validation: {"event": "validation", "step": 160000, "job_ce": 0.44719811499298834, "job_accuracy": 0.8417678604450471, "amount_ce": 0.599266070630177, "amount_accuracy": 0.813855421686747, "target_ce": 0.27366165190827424, "target_accuracy": 0.9154156241312205, "now_ce": 0.18513359818043826, "now_accuracy": 0.9418418295013253, "order_ce": 0.33166141883999695, "order_accuracy": 0.8917892156862746, "order_amount_ce": 1.1974252474685017, "order_amount_accuracy": 0.6801961779130729, "val_loss": 3.0343461020203764, "farmer_command_accuracy": 0.8094362745098039, "hands_command_accuracy": 0.7971956224350205, "market_command_accuracy": 0.3894649523019494, "first_active_command_accuracy": 0.7239852027078039, "val_items": {"job": 32446, "amount": 1660, "target": 28776, "now": 32446, "order": 32640, "order_amount": 5913}, "job_ce_weighted": 0.4601898196098522, "job_accuracy_weighted": 0.8382703710837898, "amou
2026-09-28 19:53:49 colab4: Current balance: 78.99 compute units | Usage rate: 2.92/hr
2026-09-28 19:54:02 pulled last.pt (249 MB)
2026-09-28 19:54:07 pulled best.pt (83 MB)
2026-09-28 19:55:16 token refresh: ok
2026-09-28 19:59:22 VM train: {"event": "train", "step": 162600, "epoch": 1, "loss": 1.5917046070098877, "job": 0.2823, "amount": 0.5497, "target": 0.1966, "now": 0.0708, "order": 0.1498, "order_amount": 0.3426, "lr": 0.00016618266883757467, "elapsed_s": 2619.11, "turns_per_s": 322.4, "peak_gpu_bytes": 0}
2026-09-28 20:09:43 VM train: {"event": "train", "step": 165700, "epoch": 1, "loss": 1.312500238418579, "job": 0.1977, "amount": 0.2503, "target": 0.1489, "now": 0.0471, "order": 0.1614, "order_amount": 0.5071, "lr": 0.0001647693372254961, "elapsed_s": 3238.38, "turns_per_s": 325.8, "peak_gpu_bytes": 0}
2026-09-28 20:20:01 VM train: {"event": "train", "step": 168800, "epoch": 1, "loss": 0.8978273868560791, "job": 0.213, "amount": 0.103, "target": 0.176, "now": 0.0437, "order": 0.0861, "order_amount": 0.2761, "lr": 0.00016333476603277736, "elapsed_s": 3857.09, "turns_per_s": 316.6, "peak_gpu_bytes": 0}
2026-09-28 20:24:16 VM validation: {"event": "validation", "step": 170000, "job_ce": 0.4356661537150188, "job_accuracy": 0.8476545645071811, "amount_ce": 0.5151339979056853, "amount_accuracy": 0.8210843373493976, "target_ce": 0.2732742305328225, "target_accuracy": 0.9137128162357521, "now_ce": 0.19383436794500863, "now_accuracy": 0.9410404980583122, "order_ce": 0.36068459305108763, "order_accuracy": 0.8862438725490196, "order_amount_ce": 1.2634087828196348, "order_amount_accuracy": 0.6692034500253679, "val_loss": 3.042002125969258, "farmer_command_accuracy": 0.8033088235294118, "hands_command_accuracy": 0.7966826265389877, "market_command_accuracy": 0.3835199778791649, "first_active_command_accuracy": 0.7220222966001459, "val_items": {"job": 32446, "amount": 1660, "target": 28776, "now": 32446, "order": 32640, "order_amount": 5913}, "job_ce_weighted": 0.44662978251054974, "job_accuracy_weighted": 0.8447376710203552, "amou
2026-09-28 20:25:18 token refresh: ok
2026-09-28 20:30:31 VM train: {"event": "train", "step": 171920, "epoch": 1, "loss": 1.1023989915847778, "job": 0.3401, "amount": 0.2086, "target": 0.1805, "now": 0.037, "order": 0.1003, "order_amount": 0.2358, "lr": 0.00016184938452442618, "elapsed_s": 4487.85, "turns_per_s": 318.8, "peak_gpu_bytes": 0}
2026-09-28 20:40:51 VM train: {"event": "train", "step": 175040, "epoch": 1, "loss": 0.8632435202598572, "job": 0.2308, "amount": 0.0553, "target": 0.1532, "now": 0.0482, "order": 0.087, "order_amount": 0.2887, "lr": 0.0001603636948524657, "elapsed_s": 5109.45, "turns_per_s": 319.4, "peak_gpu_bytes": 0}
2026-09-28 20:51:16 VM train: {"event": "train", "step": 178160, "epoch": 1, "loss": 0.9031732082366943, "job": 0.2369, "amount": 0.0435, "target": 0.2306, "now": 0.0949, "order": 0.0798, "order_amount": 0.2174, "lr": 0.00015885576053696764, "elapsed_s": 5731.45, "turns_per_s": 319.0, "peak_gpu_bytes": 0}
2026-09-28 20:53:28 VM: 
2026-09-28 20:54:31 colab4: Current balance: 75.83 compute units | Usage rate: 2.92/hr
2026-09-28 20:54:45 pulled last.pt (249 MB)
2026-09-28 20:55:54 token refresh: ok
2026-09-28 20:57:57 VM validation: {"event": "validation", "step": 180000, "job_ce": 0.44837395692072984, "job_accuracy": 0.8450656475374468, "amount_ce": 0.48280110186841113, "amount_accuracy": 0.8234939759036145, "target_ce": 0.2764106264769252, "target_accuracy": 0.9144773422296358, "now_ce": 0.18680103214764532, "now_accuracy": 0.9419959317019047, "order_ce": 0.3343495986040901, "order_accuracy": 0.8902267156862745, "order_amount_ce": 1.0786313657407407, "order_amount_accuracy": 0.6852697446304752, "val_loss": 2.8073676817585422, "farmer_command_accuracy": 0.8170955882352942, "hands_command_accuracy": 0.7935362517099863, "market_command_accuracy": 0.3951334162864648, "first_active_command_accuracy": 0.7229534187281375, "val_items": {"job": 32446, "amount": 1660, "target": 28776, "now": 32446, "order": 32640, "order_amount": 5913}, "job_ce_weighted": 0.46114940604473903, "job_accuracy_weighted": 0.8419622155907835, "am
2026-09-28 21:02:06 VM train: {"event": "train", "step": 181380, "epoch": 1, "loss": 1.3791463375091553, "job": 0.3034, "amount": 0.1406, "target": 0.1806, "now": 0.0638, "order": 0.1107, "order_amount": 0.58, "lr": 0.0001572495737699755, "elapsed_s": 6384.71, "turns_per_s": 318.5, "peak_gpu_bytes": 0}
2026-09-28 21:12:24 VM train: {"event": "train", "step": 184460, "epoch": 1, "loss": 1.3184738159179688, "job": 0.2043, "amount": 0.0944, "target": 0.1538, "now": 0.0611, "order": 0.1269, "order_amount": 0.6779, "lr": 0.00015571429522457097, "elapsed_s": 7000.86, "turns_per_s": 319.5, "peak_gpu_bytes": 0}
2026-09-28 21:22:48 VM train: {"event": "train", "step": 187580, "epoch": 1, "loss": 1.7512727975845337, "job": 0.2411, "amount": 0.1151, "target": 0.1254, "now": 0.0521, "order": 0.2131, "order_amount": 1.0043, "lr": 0.00015414119334862802, "elapsed_s": 7624.31, "turns_per_s": 320.3, "peak_gpu_bytes": 0}
2026-09-28 21:25:53 token refresh: ok
2026-09-28 21:31:03 VM validation: {"event": "validation", "step": 190000, "job_ce": 0.4416502551836128, "job_accuracy": 0.8471306170252111, "amount_ce": 0.5075779558664345, "amount_accuracy": 0.8186746987951807, "target_ce": 0.2759911349192904, "target_accuracy": 0.9148596052265777, "now_ce": 0.1947699819989367, "now_accuracy": 0.9410713184984282, "order_ce": 0.3274373073203891, "order_accuracy": 0.8925551470588236, "order_amount_ce": 1.1480142073080501, "order_amount_accuracy": 0.6800270590224928, "val_loss": 2.8954408425967135, "farmer_command_accuracy": 0.8121936274509803, "hands_command_accuracy": 0.7966142270861833, "market_command_accuracy": 0.39914281764136594, "first_active_command_accuracy": 0.7255454614087626, "val_items": {"job": 32446, "amount": 1660, "target": 28776, "now": 32446, "order": 32640, "order_amount": 5913}, "job_ce_weighted": 0.4509520731201838, "job_accuracy_weighted": 0.8452411135303872, "amoun
2026-09-28 21:33:07 VM train: {"event": "train", "step": 190660, "epoch": 1, "loss": 1.1586050987243652, "job": 0.2955, "amount": 0.0878, "target": 0.1608, "now": 0.1061, "order": 0.1278, "order_amount": 0.3806, "lr": 0.00015255714138775062, "elapsed_s": 8244.55, "turns_per_s": 326.2, "peak_gpu_bytes": 0}
2026-09-28 21:43:32 VM train: {"event": "train", "step": 193820, "epoch": 1, "loss": 1.4720227718353271, "job": 0.2353, "amount": 0.288, "target": 0.2041, "now": 0.0407, "order": 0.1177, "order_amount": 0.5863, "lr": 0.0001509373467745166, "elapsed_s": 8871.46, "turns_per_s": 324.2, "peak_gpu_bytes": 0}
2026-09-28 21:53:47 VM train: {"event": "train", "step": 196900, "epoch": 1, "loss": 1.29703688621521, "job": 0.3153, "amount": 0.0946, "target": 0.2402, "now": 0.0585, "order": 0.0933, "order_amount": 0.4951, "lr": 0.0001493368265524703, "elapsed_s": 9484.08, "turns_per_s": 323.5, "peak_gpu_bytes": 0}
2026-09-28 21:54:50 colab4: Current balance: 72.91 compute units | Usage rate: 2.92/hr
2026-09-28 21:55:04 pulled last.pt (249 MB)
2026-09-28 21:55:09 pulled best.pt (83 MB)
2026-09-28 21:56:18 token refresh: ok
2026-09-28 22:04:35 VM validation: {"event": "validation", "step": 200000, "job_ce": 0.4508960561394317, "job_accuracy": 0.8438020094926956, "amount_ce": 0.5493305987622364, "amount_accuracy": 0.810843373493976, "target_ce": 0.2703580668080605, "target_accuracy": 0.915936891854323, "now_ce": 0.18335597512019972, "now_accuracy": 0.9423041361030635, "order_ce": 0.3286487654143689, "order_accuracy": 0.8939338235294118, "order_amount_ce": 1.205159298764375, "order_amount_accuracy": 0.686960933536276, "val_loss": 2.9877487610086724, "farmer_command_accuracy": 0.8204656862745098, "hands_command_accuracy": 0.7980506155950753, "market_command_accuracy": 0.3770219825798424, "first_active_command_accuracy": 0.7232554042831618, "val_items": {"job": 32446, "amount": 1660, "target": 28776, "now": 32446, "order": 32640, "order_amount": 5913}, "job_ce_weighted": 0.46414619330430873, "job_accuracy_weighted": 0.8418333967006632, "amount_c
2026-09-28 22:04:35 VM train: {"event": "train", "step": 200120, "epoch": 1, "loss": 1.6359823942184448, "job": 0.2889, "amount": 0.2584, "target": 0.1918, "now": 0.0573, "order": 0.1804, "order_amount": 0.6592, "lr": 0.00014762177786935163, "elapsed_s": 10133.5, "turns_per_s": 312.7, "peak_gpu_bytes": 0}
2026-09-28 22:15:02 VM train: {"event": "train", "step": 203260, "epoch": 1, "loss": 1.1235377788543701, "job": 0.2216, "amount": 0.0164, "target": 0.1679, "now": 0.0375, "order": 0.1375, "order_amount": 0.5426, "lr": 0.00014595105808195525, "elapsed_s": 10759.55, "turns_per_s": 325.3, "peak_gpu_bytes": 0}
2026-09-28 22:25:28 VM train: {"event": "train", "step": 206400, "epoch": 1, "loss": 0.8868417739868164, "job": 0.1884, "amount": 0.0043, "target": 0.1247, "now": 0.0218, "order": 0.126, "order_amount": 0.4216, "lr": 0.0001442656193254667, "elapsed_s": 11384.98, "turns_per_s": 315.9, "peak_gpu_bytes": 0}
2026-09-28 22:26:31 token refresh: ok
2026-09-28 22:35:49 VM train: {"event": "train", "step": 209520, "epoch": 1, "loss": 2.1831648349761963, "job": 0.2341, "amount": 0.1072, "target": 0.1388, "now": 0.0571, "order": 0.2766, "order_amount": 1.3695, "lr": 0.0001425709421777524, "elapsed_s": 12008.01, "turns_per_s": 320.1, "peak_gpu_bytes": 0}
2026-09-28 22:37:51 VM validation: {"event": "validation", "step": 210000, "job_ce": 0.44378423958269125, "job_accuracy": 0.8445417000554768, "amount_ce": 0.5504467332219503, "amount_accuracy": 0.813855421686747, "target_ce": 0.2646987825955223, "target_accuracy": 0.9169794273005282, "now_ce": 0.19776943686240214, "now_accuracy": 0.9431362879861924, "order_ce": 0.32008355832567403, "order_accuracy": 0.8927389705882353, "order_amount_ce": 1.0789184054202605, "order_amount_accuracy": 0.6982918992051412, "val_loss": 2.8557011560085006, "farmer_command_accuracy": 0.8192401960784313, "hands_command_accuracy": 0.7979480164158687, "market_command_accuracy": 0.37909581086686023, "first_active_command_accuracy": 0.7234567279865113, "val_items": {"job": 32446, "amount": 1660, "target": 28776, "now": 32446, "order": 32640, "order_amount": 5913}, "job_ce_weighted": 0.45597032862599796, "job_accuracy_weighted": 0.8422201895372302, "am
2026-09-28 22:46:01 VM train: {"event": "train", "step": 212540, "epoch": 1, "loss": 1.7557189464569092, "job": 0.2973, "amount": 0.0637, "target": 0.1955, "now": 0.0754, "order": 0.3626, "order_amount": 0.7612, "lr": 0.0001408936707807506, "elapsed_s": 12619.24, "turns_per_s": 320.0, "peak_gpu_bytes": 0}
2026-09-28 22:55:21 colab4: Current balance: 69.99 compute units | Usage rate: 2.92/hr
2026-09-28 22:55:35 pulled last.pt (249 MB)
2026-09-28 22:56:41 VM train: {"event": "train", "step": 215760, "epoch": 1, "loss": 0.6205732822418213, "job": 0.1653, "amount": 0.0041, "target": 0.1319, "now": 0.0435, "order": 0.1046, "order_amount": 0.1711, "lr": 0.0001391282552431254, "elapsed_s": 13257.21, "turns_per_s": 324.7, "peak_gpu_bytes": 0}
2026-09-28 22:56:41 token refresh: ok
2026-09-28 23:06:58 VM train: {"event": "train", "step": 218880, "epoch": 1, "loss": 0.8294302821159363, "job": 0.2076, "amount": 0.0729, "target": 0.1745, "now": 0.0192, "order": 0.1074, "order_amount": 0.2477, "lr": 0.00013740247683700378, "elapsed_s": 13875.84, "turns_per_s": 321.7, "peak_gpu_bytes": 0}
2026-09-28 23:11:02 VM validation: {"event": "validation", "step": 220000, "job_ce": 0.44562509872172223, "job_accuracy": 0.8454046723787215, "amount_ce": 0.5735781014683735, "amount_accuracy": 0.8204819277108434, "target_ce": 0.26868530986108213, "target_accuracy": 0.9179872115651933, "now_ce": 0.1882327228558605, "now_accuracy": 0.9423965974234112, "order_ce": 0.336844679888557, "order_accuracy": 0.8899509803921568, "order_amount_ce": 1.30085251445438, "order_amount_accuracy": 0.6945712836123795, "val_loss": 3.1138184272499756, "farmer_command_accuracy": 0.8223039215686274, "hands_command_accuracy": 0.7979480164158687, "market_command_accuracy": 0.39596294760127193, "first_active_command_accuracy": 0.7267785690917784, "val_items": {"job": 32446, "amount": 1660, "target": 28776, "now": 32446, "order": 32640, "order_amount": 5913}, "job_ce_weighted": 0.4626716674751464, "job_accuracy_weighted": 0.8425521200489862, "amount
2026-09-28 23:17:20 VM train: {"event": "train", "step": 221920, "epoch": 1, "loss": 1.8792428970336914, "job": 0.3158, "amount": 0.4204, "target": 0.4211, "now": 0.0792, "order": 0.1202, "order_amount": 0.5225, "lr": 0.00013567868428220224, "elapsed_s": 14489.12, "turns_per_s": 320.6, "peak_gpu_bytes": 0}
2026-09-28 23:27:35 VM train: {"event": "train", "step": 225060, "epoch": 1, "loss": 1.0121797323226929, "job": 0.1953, "amount": 0.2787, "target": 0.1953, "now": 0.0294, "order": 0.0654, "order_amount": 0.2481, "lr": 0.00013391836993954925, "elapsed_s": 15110.94, "turns_per_s": 322.8, "peak_gpu_bytes": 0}
2026-09-28 23:27:36 token refresh: ok
2026-09-28 23:37:48 VM train: {"event": "train", "step": 228160, "epoch": 1, "loss": 0.8844099044799805, "job": 0.1862, "amount": 0.0035, "target": 0.1582, "now": 0.0557, "order": 0.0575, "order_amount": 0.4232, "lr": 0.00013216411845116223, "elapsed_s": 15726.49, "turns_per_s": 326.0, "peak_gpu_bytes": 0}
2026-09-28 23:44:57 VM validation: {"event": "validation", "step": 230000, "job_ce": 0.42841847439784564, "job_accuracy": 0.8495346113542501, "amount_ce": 0.508615957972515, "amount_accuracy": 0.827710843373494, "target_ce": 0.25862845706382925, "target_accuracy": 0.9181609674728941, "now_ce": 0.18379889855452136, "now_accuracy": 0.9443382851507119, "order_ce": 0.32323922549977024, "order_accuracy": 0.8943321078431372, "order_amount_ce": 1.2199876728183663, "order_amount_accuracy": 0.6900050735667174, "val_loss": 2.9226886863068477, "farmer_command_accuracy": 0.8174019607843137, "hands_command_accuracy": 0.801812585499316, "market_command_accuracy": 0.4097884695147242, "first_active_command_accuracy": 0.7317361652867604, "val_items": {"job": 32446, "amount": 1660, "target": 28776, "now": 32446, "order": 32640, "order_amount": 5913}, "job_ce_weighted": 0.4451544834991137, "job_accuracy_weighted": 0.8465070482287571, "amoun
2026-09-28 23:48:10 VM train: {"event": "train", "step": 231240, "epoch": 1, "loss": 0.7424526214599609, "job": 0.1886, "amount": 0.0056, "target": 0.1536, "now": 0.1016, "order": 0.0696, "order_amount": 0.2235, "lr": 0.00013038071168857988, "elapsed_s": 16348.31, "turns_per_s": 319.6, "peak_gpu_bytes": 0}
2026-09-28 23:55:22 colab4: Current balance: 67.08 compute units | Usage rate: 2.92/hr
2026-09-28 23:55:35 pulled last.pt (249 MB)
2026-09-28 23:57:44 token refresh: ok
2026-09-28 23:58:45 VM train: {"event": "train", "step": 234420, "epoch": 1, "loss": 1.6158738136291504, "job": 0.3008, "amount": 0.4685, "target": 0.2738, "now": 0.0774, "order": 0.099, "order_amount": 0.3964, "lr": 0.00012854959101426261, "elapsed_s": 16982.88, "turns_per_s": 322.9, "peak_gpu_bytes": 0}
2026-09-29 00:09:02 VM train: {"event": "train", "step": 237500, "epoch": 1, "loss": 1.216435432434082, "job": 0.206, "amount": 0.5602, "target": 0.1386, "now": 0.0186, "order": 0.0805, "order_amount": 0.2125, "lr": 0.00012676380675775975, "elapsed_s": 17598.3, "turns_per_s": 320.8, "peak_gpu_bytes": 0}
2026-09-29 00:18:23 VM validation: {"event": "validation", "step": 240000, "job_ce": 0.42888953954262465, "job_accuracy": 0.8500893792763361, "amount_ce": 0.5420231095279556, "amount_accuracy": 0.8180722891566266, "target_ce": 0.2657024774877502, "target_accuracy": 0.9173964414790103, "now_ce": 0.19316105871101213, "now_accuracy": 0.9420575725821365, "order_ce": 0.32539511287913603, "order_accuracy": 0.8962009803921569, "order_amount_ce": 1.1861944484081683, "order_amount_accuracy": 0.700152207001522, "val_loss": 2.941365746556647, "farmer_command_accuracy": 0.8177083333333334, "hands_command_accuracy": 0.7994870041039671, "market_command_accuracy": 0.4013549011475183, "first_active_command_accuracy": 0.7285149860331681, "val_items": {"job": 32446, "amount": 1660, "target": 28776, "now": 32446, "order": 32640, "order_amount": 5913}, "job_ce_weighted": 0.4425812320424215, "job_accuracy_weighted": 0.8473037621368606, "amoun
2026-09-29 00:19:24 VM train: {"event": "train", "step": 240580, "epoch": 1, "loss": 0.864794135093689, "job": 0.1165, "amount": 0.2656, "target": 0.1158, "now": 0.0312, "order": 0.0744, "order_amount": 0.2613, "lr": 0.00012495097141289349, "elapsed_s": 18219.8, "turns_per_s": 328.3, "peak_gpu_bytes": 0}
2026-09-29 00:28:40 token refresh: ok
2026-09-29 00:29:41 VM train: {"event": "train", "step": 243700, "epoch": 1, "loss": 1.2352856397628784, "job": 0.2912, "amount": 0.1165, "target": 0.2221, "now": 0.0514, "order": 0.1352, "order_amount": 0.4189, "lr": 0.00012313875184295387, "elapsed_s": 18838.1, "turns_per_s": 325.2, "peak_gpu_bytes": 0}
2026-09-29 00:39:59 VM train: {"event": "train", "step": 246800, "epoch": 1, "loss": 0.8101052045822144, "job": 0.2316, "amount": 0.0764, "target": 0.1194, "now": 0.0477, "order": 0.1073, "order_amount": 0.2277, "lr": 0.00012132299439448687, "elapsed_s": 19454.89, "turns_per_s": 322.1, "peak_gpu_bytes": 0}
2026-09-29 00:50:20 VM train: {"event": "train", "step": 249940, "epoch": 1, "loss": 0.9445597529411316, "job": 0.2379, "amount": 0.1329, "target": 0.2288, "now": 0.0404, "order": 0.0574, "order_amount": 0.247, "lr": 0.00011947985780811244, "elapsed_s": 20078.39, "turns_per_s": 320.8, "peak_gpu_bytes": 0}
2026-09-29 00:51:22 VM validation: {"event": "validation", "step": 250000, "job_ce": 0.4269869793271898, "job_accuracy": 0.8497811748751772, "amount_ce": 0.4732215237904744, "amount_accuracy": 0.8283132530120482, "target_ce": 0.26285148919672646, "target_accuracy": 0.9186822351959967, "now_ce": 0.1853245855854728, "now_accuracy": 0.9424274178635271, "order_ce": 0.31937052408854166, "order_accuracy": 0.8955575980392156, "order_amount_ce": 1.1995213142651784, "order_amount_accuracy": 0.6928800947065787, "val_loss": 2.8672764162535835, "farmer_command_accuracy": 0.8262867647058824, "hands_command_accuracy": 0.7999316005471956, "market_command_accuracy": 0.41075625604866584, "first_active_command_accuracy": 0.7312580214913054, "val_items": {"job": 32446, "amount": 1660, "target": 28776, "now": 32446, "order": 32640, "order_amount": 5913}, "job_ce_weighted": 0.4400126196793714, "job_accuracy_weighted": 0.8459136476420126, "amo
2026-09-29 00:55:27 colab4: Current balance: 64.16 compute units | Usage rate: 2.92/hr
2026-09-29 00:55:41 pulled last.pt (249 MB)
2026-09-29 00:58:51 token refresh: ok
2026-09-29 01:00:53 VM train: {"event": "train", "step": 253060, "epoch": 1, "loss": 1.2602392435073853, "job": 0.209, "amount": 0.0004, "target": 0.1722, "now": 0.0446, "order": 0.1485, "order_amount": 0.6854, "lr": 0.00011760007873204935, "elapsed_s": 20711.91, "turns_per_s": 320.1, "peak_gpu_bytes": 0}
2026-09-29 01:11:15 VM train: {"event": "train", "step": 256160, "epoch": 1, "loss": 1.0439212322235107, "job": 0.2799, "amount": 0.1502, "target": 0.2239, "now": 0.0549, "order": 0.1198, "order_amount": 0.2152, "lr": 0.00011575151075539518, "elapsed_s": 21332.81, "turns_per_s": 319.4, "peak_gpu_bytes": 0}
2026-09-29 01:21:27 VM train: {"event": "train", "step": 259200, "epoch": 1, "loss": 1.2018731832504272, "job": 0.2232, "amount": 0.0124, "target": 0.2407, "now": 0.0269, "order": 0.0652, "order_amount": 0.6336, "lr": 0.0001139285923068809, "elapsed_s": 21943.28, "turns_per_s": 315.8, "peak_gpu_bytes": 0}
2026-09-29 01:24:31 VM validation: {"event": "validation", "step": 260000, "job_ce": 0.42462734957698944, "job_accuracy": 0.8490723047525118, "amount_ce": 0.5075746099632906, "amount_accuracy": 0.8253012048192772, "target_ce": 0.26169813345431087, "target_accuracy": 0.9168404225743675, "now_ce": 0.1909368552989968, "now_accuracy": 0.9418726499414412, "order_ce": 0.32351852117800245, "order_accuracy": 0.8958333333333334, "order_amount_ce": 1.2040769543801793, "order_amount_accuracy": 0.7055640115000845, "val_loss": 2.9124324238517696, "farmer_command_accuracy": 0.8017769607843137, "hands_command_accuracy": 0.801641586867305, "market_command_accuracy": 0.4035669846536707, "first_active_command_accuracy": 0.7291944535319728, "val_items": {"job": 32446, "amount": 1660, "target": 28776, "now": 32446, "order": 32640, "order_amount": 5913}, "job_ce_weighted": 0.438390483269176, "job_accuracy_weighted": 0.846396046147552, "amount
2026-09-29 01:29:38 token refresh: ok
2026-09-29 01:31:50 VM train: {"event": "train", "step": 262240, "epoch": 1, "loss": 1.1950658559799194, "job": 0.2737, "amount": 0.0079, "target": 0.2274, "now": 0.0492, "order": 0.1273, "order_amount": 0.5097, "lr": 0.00011209388148337445, "elapsed_s": 22556.11, "turns_per_s": 320.7, "peak_gpu_bytes": 0}
2026-09-29 01:42:02 VM train: {"event": "train", "step": 265380, "epoch": 1, "loss": 2.0663228034973145, "job": 0.2962, "amount": 0.1581, "target": 0.2628, "now": 0.0543, "order": 0.223, "order_amount": 1.0719, "lr": 0.00011022238943516847, "elapsed_s": 23179.77, "turns_per_s": 323.3, "peak_gpu_bytes": 0}
2026-09-29 01:52:24 VM train: {"event": "train", "step": 268460, "epoch": 1, "loss": 1.1910203695297241, "job": 0.1564, "amount": 0.3108, "target": 0.161, "now": 0.0287, "order": 0.1413, "order_amount": 0.3927, "lr": 0.00010838068596448461, "elapsed_s": 23792.35, "turns_per_s": 320.2, "peak_gpu_bytes": 0}
2026-09-29 01:55:28 colab4: Current balance: 61.24 compute units | Usage rate: 2.92/hr
2026-09-29 01:55:42 pulled last.pt (249 MB)
2026-09-29 01:57:50 VM validation: {"event": "validation", "step": 270000, "job_ce": 0.4176183781802842, "job_accuracy": 0.8516612217222462, "amount_ce": 0.5109926890177899, "amount_accuracy": 0.822289156626506, "target_ce": 0.25776877256111863, "target_accuracy": 0.9182652210175146, "now_ce": 0.17415331977073445, "now_accuracy": 0.9445540282315231, "order_ce": 0.3180402269550398, "order_accuracy": 0.8962928921568627, "order_amount_ce": 1.1513502590954254, "order_amount_accuracy": 0.7018433959073228, "val_loss": 2.8299236455803927, "farmer_command_accuracy": 0.8198529411764706, "hands_command_accuracy": 0.803077975376197, "market_command_accuracy": 0.42568781971519426, "first_active_command_accuracy": 0.7357626393537509, "val_items": {"job": 32446, "amount": 1660, "target": 28776, "now": 32446, "order": 32640, "order_amount": 5913}, "job_ce_weighted": 0.42881899097023957, "job_accuracy_weighted": 0.8495295858197026, "amou
2026-09-29 01:59:54 token refresh: ok
2026-09-29 02:02:57 VM train: {"event": "train", "step": 271620, "epoch": 1, "loss": 1.6261893510818481, "job": 0.3332, "amount": 0.2433, "target": 0.1759, "now": 0.0454, "order": 0.1448, "order_amount": 0.6837, "lr": 0.00010645203423750591, "elapsed_s": 24432.84, "turns_per_s": 320.3, "peak_gpu_bytes": 0}
2026-09-29 02:13:19 VM train: {"event": "train", "step": 274700, "epoch": 1, "loss": 1.6083903312683105, "job": 0.2326, "amount": 0.3686, "target": 0.1839, "now": 0.0522, "order": 0.1847, "order_amount": 0.5863, "lr": 0.00010459645828961806, "elapsed_s": 25048.29, "turns_per_s": 322.9, "peak_gpu_bytes": 0}
2026-09-29 02:23:42 VM train: {"event": "train", "step": 277840, "epoch": 1, "loss": 1.6064118146896362, "job": 0.3891, "amount": 0.1581, "target": 0.2398, "now": 0.1301, "order": 0.197, "order_amount": 0.4924, "lr": 0.00010269811416992628, "elapsed_s": 25677.42, "turns_per_s": 323.2, "peak_gpu_bytes": 0}
2026-09-29 02:30:52 token refresh: ok
2026-09-29 02:31:53 VM validation: {"event": "validation", "step": 280000, "job_ce": 0.4289007360306355, "job_accuracy": 0.8487949207914689, "amount_ce": 0.48216210790427333, "amount_accuracy": 0.8307228915662651, "target_ce": 0.25744111371563977, "target_accuracy": 0.9190992493744787, "now_ce": 0.1900909786886288, "now_accuracy": 0.9423657769832953, "order_ce": 0.32319994159773285, "order_accuracy": 0.8952205882352942, "order_amount_ce": 1.1044687354663454, "order_amount_accuracy": 0.7047184170471842, "val_loss": 2.7862636134032557, "farmer_command_accuracy": 0.8232230392156863, "hands_command_accuracy": 0.8014021887824897, "market_command_accuracy": 0.40702336513203374, "first_active_command_accuracy": 0.7314090142688174, "val_items": {"job": 32446, "amount": 1660, "target": 28776, "now": 32446, "order": 32640, "order_amount": 5913}, "job_ce_weighted": 0.4427529121238006, "job_accuracy_weighted": 0.845844531870069, "amo
2026-09-29 02:33:55 VM train: {"event": "train", "step": 280780, "epoch": 2, "loss": 1.2506136894226074, "job": 0.2564, "amount": 0.1019, "target": 0.2058, "now": 0.0301, "order": 0.1018, "order_amount": 0.5546, "lr": 0.00010083718705877092, "elapsed_s": 26293.78, "turns_per_s": 321.9, "peak_gpu_bytes": 0}
2026-09-29 02:44:15 VM train: {"event": "train", "step": 283900, "epoch": 2, "loss": 1.421418309211731, "job": 0.1989, "amount": 0.3275, "target": 0.1115, "now": 0.0245, "order": 0.1133, "order_amount": 0.6457, "lr": 9.89728145133905e-05, "elapsed_s": 26911.22, "turns_per_s": 318.9, "peak_gpu_bytes": 0}
2026-09-29 02:54:41 VM train: {"event": "train", "step": 287060, "epoch": 2, "loss": 1.4304953813552856, "job": 0.2285, "amount": 0.3546, "target": 0.2385, "now": 0.025, "order": 0.0949, "order_amount": 0.489, "lr": 9.708485826663384e-05, "elapsed_s": 27536.58, "turns_per_s": 323.5, "peak_gpu_bytes": 0}
2026-09-29 02:55:42 colab4: Current balance: 58.32 compute units | Usage rate: 2.92/hr
2026-09-29 02:55:55 pulled last.pt (249 MB)
2026-09-29 03:01:08 token refresh: ok
2026-09-29 03:05:13 VM validation: {"event": "validation", "step": 290000, "job_ce": 0.42821486084571286, "job_accuracy": 0.8505516858780744, "amount_ce": 0.4835350312382342, "amount_accuracy": 0.8361445783132531, "target_ce": 0.26155223957790347, "target_accuracy": 0.9196205170975813, "now_ce": 0.18549284893553905, "now_accuracy": 0.9452012574739568, "order_ce": 0.32823617972579655, "order_accuracy": 0.8955882352941177, "order_amount_ce": 1.2440314574348892, "order_amount_accuracy": 0.7018433959073228, "val_loss": 2.931062617758075, "farmer_command_accuracy": 0.8238357843137255, "hands_command_accuracy": 0.8057455540355677, "market_command_accuracy": 0.42319922577077285, "first_active_command_accuracy": 0.7375997181468154, "val_items": {"job": 32446, "amount": 1660, "target": 28776, "now": 32446, "order": 32640, "order_amount": 5913}, "job_ce_weighted": 0.44648244086248146, "job_accuracy_weighted": 0.8467503653286244, "a
2026-09-29 03:05:13 VM train: {"event": "train", "step": 290220, "epoch": 2, "loss": 1.0594478845596313, "job": 0.2471, "amount": 0.1842, "target": 0.2074, "now": 0.0512, "order": 0.1091, "order_amount": 0.2605, "lr": 9.516835638393535e-05, "elapsed_s": 28171.76, "turns_per_s": 319.3, "peak_gpu_bytes": 0}
2026-09-29 03:15:35 VM train: {"event": "train", "step": 293280, "epoch": 2, "loss": 0.9711687564849854, "job": 0.1854, "amount": 0.0987, "target": 0.1124, "now": 0.0234, "order": 0.1, "order_amount": 0.4512, "lr": 9.332590119714303e-05, "elapsed_s": 28782.94, "turns_per_s": 323.4, "peak_gpu_bytes": 0}
2026-09-29 03:25:53 VM train: {"event": "train", "step": 296420, "epoch": 2, "loss": 1.4221642017364502, "job": 0.2361, "amount": 0.3377, "target": 0.2972, "now": 0.0246, "order": 0.0543, "order_amount": 0.4723, "lr": 9.143662814346465e-05, "elapsed_s": 29410.46, "turns_per_s": 320.2, "peak_gpu_bytes": 0}
2026-09-29 03:32:03 token refresh: ok
2026-09-29 03:36:14 VM train: {"event": "train", "step": 299520, "epoch": 2, "loss": 1.0039657354354858, "job": 0.278, "amount": 0.0282, "target": 0.2206, "now": 0.0494, "order": 0.1843, "order_amount": 0.2434, "lr": 8.956733635645627e-05, "elapsed_s": 30032.31, "turns_per_s": 319.6, "peak_gpu_bytes": 0}
2026-09-29 03:38:27 VM validation: {"event": "validation", "step": 300000, "job_ce": 0.4266252304309468, "job_accuracy": 0.8514762990815509, "amount_ce": 0.47953789033085464, "amount_accuracy": 0.8343373493975904, "target_ce": 0.25682092050993016, "target_accuracy": 0.9190297470113984, "now_ce": 0.18454721221895612, "now_accuracy": 0.9434444923873513, "order_ce": 0.3232878142712163, "order_accuracy": 0.8961703431372549, "order_amount_ce": 1.2201605902777777, "order_amount_accuracy": 0.6962624725181803, "val_loss": 2.8909796580396816, "farmer_command_accuracy": 0.8229166666666666, "hands_command_accuracy": 0.8068399452804378, "market_command_accuracy": 0.40398175031107425, "first_active_command_accuracy": 0.7348315172257593, "val_items": {"job": 32446, "amount": 1660, "target": 28776, "now": 32446, "order": 32640, "order_amount": 5913}, "job_ce_weighted": 0.4427612490457082, "job_accuracy_weighted": 0.8476939166354872, "am
2026-09-29 03:46:36 VM train: {"event": "train", "step": 302580, "epoch": 2, "loss": 1.0542101860046387, "job": 0.2207, "amount": 0.1973, "target": 0.163, "now": 0.0381, "order": 0.0795, "order_amount": 0.3556, "lr": 8.770062067191274e-05, "elapsed_s": 30654.55, "turns_per_s": 318.1, "peak_gpu_bytes": 0}
2026-09-29 03:55:54 colab4: Current balance: 55.39 compute units | Usage rate: 2.92/hr
2026-09-29 03:56:08 pulled last.pt (249 MB)
2026-09-29 03:57:15 VM train: {"event": "train", "step": 305760, "epoch": 2, "loss": 16.03858184814453, "job": 3.5705, "amount": 1.8567, "target": 5.241, "now": 2.1836, "order": 0.5877, "order_amount": 2.5991, "lr": 8.579046115708659e-05, "elapsed_s": 31292.79, "turns_per_s": 319.2, "peak_gpu_bytes": 0}
2026-09-29 04:02:22 token refresh: ok
2026-09-29 04:07:29 VM train: {"event": "train", "step": 308820, "epoch": 2, "loss": 16.175609588623047, "job": 3.241, "amount": 2.5265, "target": 5.2577, "now": 2.247, "order": 0.5246, "order_amount": 2.3787, "lr": 8.395651353413097e-05, "elapsed_s": 31907.22, "turns_per_s": 318.0, "peak_gpu_bytes": 0}
2026-09-29 04:11:33 VM validation: {"event": "validation", "step": 310000, "job_ce": 3.337667778770881, "job_accuracy": 0.12651790667570734, "amount_ce": 2.357289362528238, "amount_accuracy": 0.35602409638554217, "target_ce": 4.324789701052961, "target_accuracy": 0.20054906866833472, "now_ce": 1.5332694611816557, "now_accuracy": 0.5528878752388584, "order_ce": 0.9980636297487745, "order_accuracy": 0.809405637254902, "order_amount_ce": 3.3100844405335703, "order_amount_accuracy": 0.40605445628276676, "val_loss": 15.861164373816079, "farmer_command_accuracy": 0.14460784313725492, "hands_command_accuracy": 0.0789671682626539, "market_command_accuracy": 0.0013825521913452233, "first_active_command_accuracy": 0.07023680700606488, "val_items": {"job": 32446, "amount": 1660, "target": 28776, "now": 32446, "order": 32640, "order_amount": 5913}, "job_ce_weighted": 3.3715410430363337, "job_accuracy_weighted": 0.1263199313952007, "a
2026-09-29 04:17:41 VM train: {"event": "train", "step": 311840, "epoch": 2, "loss": 15.636914253234863, "job": 3.026, "amount": 2.349, "target": 4.6288, "now": 1.9536, "order": 0.656, "order_amount": 3.0234, "lr": 8.213482640648037e-05, "elapsed_s": 32519.37, "turns_per_s": 319.8, "peak_gpu_bytes": 0}
2026-09-29 04:28:11 VM train: {"event": "train", "step": 315000, "epoch": 2, "loss": 15.680425643920898, "job": 2.8952, "amount": 2.2785, "target": 4.6146, "now": 1.8679, "order": 0.4987, "order_amount": 3.5255, "lr": 8.027551935331583e-05, "elapsed_s": 33146.31, "turns_per_s": 313.5, "peak_gpu_bytes": 0}
2026-09-29 04:33:17 token refresh: ok
2026-09-29 04:38:28 VM train: {"event": "train", "step": 318120, "epoch": 2, "loss": 10.595561981201172, "job": 2.204, "amount": 1.4604, "target": 3.4219, "now": 1.0422, "order": 0.5775, "order_amount": 1.8896, "lr": 7.844405174132761e-05, "elapsed_s": 33766.18, "turns_per_s": 329.2, "peak_gpu_bytes": 0}
2026-09-29 04:45:40 VM validation: {"event": "validation", "step": 320000, "job_ce": 1.4250374660975158, "job_accuracy": 0.5369845281390618, "amount_ce": 0.9397733021931476, "amount_accuracy": 0.6054216867469879, "target_ce": 0.7037021275324924, "target_accuracy": 0.7955587989991659, "now_ce": 0.2725589067700949, "now_accuracy": 0.904980583122727, "order_ce": 0.636151003370098, "order_accuracy": 0.8345281862745098, "order_amount_ce": 1.5270724000613056, "order_amount_accuracy": 0.5743277524099442, "val_loss": 5.504295206024654, "farmer_command_accuracy": 0.44485294117647056, "hands_command_accuracy": 0.4808139534883721, "market_command_accuracy": 0.026545002073828285, "first_active_command_accuracy": 0.3951732642121952, "val_items": {"job": 32446, "amount": 1660, "target": 28776, "now": 32446, "order": 32640, "order_amount": 5913}, "job_ce_weighted": 1.4344748529188807, "job_accuracy_weighted": 0.5355177413396022, "amount
2026-09-29 04:48:43 VM train: {"event": "train", "step": 321160, "epoch": 2, "loss": 8.902891159057617, "job": 1.7708, "amount": 1.3999, "target": 2.8633, "now": 0.8531, "order": 0.4175, "order_amount": 1.5983, "lr": 7.663594907659717e-05, "elapsed_s": 34380.68, "turns_per_s": 320.0, "peak_gpu_bytes": 0}
2026-09-29 04:56:54 colab4: Current balance: 52.47 compute units | Usage rate: 2.92/hr
2026-09-29 04:57:06 pulled last.pt (249 MB)
2026-09-29 04:59:17 VM train: {"event": "train", "step": 324340, "epoch": 2, "loss": 9.582508087158203, "job": 1.9996, "amount": 1.2082, "target": 3.0242, "now": 0.9422, "order": 0.4154, "order_amount": 1.993, "lr": 7.477850483640617e-05, "elapsed_s": 35014.82, "turns_per_s": 323.2, "peak_gpu_bytes": 0}
2026-09-29 05:03:22 token refresh: ok
2026-09-29 05:09:39 VM train: {"event": "train", "step": 327440, "epoch": 2, "loss": 9.13251781463623, "job": 1.8977, "amount": 1.7792, "target": 2.8658, "now": 0.9388, "order": 0.3294, "order_amount": 1.3217, "lr": 7.297131956822094e-05, "elapsed_s": 35634.85, "turns_per_s": 326.4, "peak_gpu_bytes": 0}
2026-09-29 05:18:55 VM validation: {"event": "validation", "step": 330000, "job_ce": 1.360668254561425, "job_accuracy": 0.5494359859458793, "amount_ce": 1.2612891507435995, "amount_accuracy": 0.4807228915662651, "target_ce": 0.6590136012866625, "target_accuracy": 0.8197108701695858, "now_ce": 0.32078648465912596, "now_accuracy": 0.9107440054243975, "order_ce": 0.620172119140625, "order_accuracy": 0.8322610294117647, "order_amount_ce": 1.6199521974885844, "order_amount_accuracy": 0.5357686453576864, "val_loss": 5.841881807880022, "farmer_command_accuracy": 0.46292892156862747, "hands_command_accuracy": 0.5117647058823529, "market_command_accuracy": 0.044379925342181666, "first_active_command_accuracy": 0.42267911518232376, "val_items": {"job": 32446, "amount": 1660, "target": 28776, "now": 32446, "order": 32640, "order_amount": 5913}, "job_ce_weighted": 1.3594131075910028, "job_accuracy_weighted": 0.5475420367436387, "amou
2026-09-29 05:19:57 VM train: {"event": "train", "step": 330480, "epoch": 2, "loss": 9.719143867492676, "job": 1.8264, "amount": 1.3121, "target": 2.9011, "now": 0.9222, "order": 0.4466, "order_amount": 2.3108, "lr": 7.1178683082847e-05, "elapsed_s": 36253.12, "turns_per_s": 321.2, "peak_gpu_bytes": 0}
2026-09-29 05:30:19 VM train: {"event": "train", "step": 333600, "epoch": 2, "loss": 9.50287914276123, "job": 1.8684, "amount": 1.0462, "target": 3.0152, "now": 0.9314, "order": 0.2741, "order_amount": 2.3676, "lr": 6.937914959297229e-05, "elapsed_s": 36877.29, "turns_per_s": 324.0, "peak_gpu_bytes": 0}
2026-09-29 05:33:24 token refresh: ok
2026-09-29 05:40:32 VM train: {"event": "train", "step": 336660, "epoch": 2, "loss": 5.92810583114624, "job": 1.2582, "amount": 0.489, "target": 2.338, "now": 0.6922, "order": 0.2169, "order_amount": 0.9338, "lr": 6.761976336545572e-05, "elapsed_s": 37491.2, "turns_per_s": 318.9, "peak_gpu_bytes": 0}
2026-09-29 05:51:01 VM train: {"event": "train", "step": 339800, "epoch": 2, "loss": 6.468819618225098, "job": 1.3455, "amount": 0.9878, "target": 2.4748, "now": 0.6886, "order": 0.164, "order_amount": 0.8082, "lr": 6.58285387871781e-05, "elapsed_s": 38120.27, "turns_per_s": 320.4, "peak_gpu_bytes": 0}
2026-09-29 05:52:02 VM validation: {"event": "validation", "step": 340000, "job_ce": 0.6206661765895642, "job_accuracy": 0.7861061455957591, "amount_ce": 0.6648478680346386, "amount_accuracy": 0.7837349397590362, "target_ce": 0.32090747823707255, "target_accuracy": 0.8973102585487907, "now_ce": 0.17758328260802564, "now_accuracy": 0.9381433766874191, "order_ce": 0.3994390450271906, "order_accuracy": 0.8732230392156862, "order_amount_ce": 1.232380421053188, "order_amount_accuracy": 0.639269406392694, "val_loss": 3.4158242715496794, "farmer_command_accuracy": 0.7576593137254902, "hands_command_accuracy": 0.7477770177838577, "market_command_accuracy": 0.3077561177934467, "first_active_command_accuracy": 0.6684953569720915, "val_items": {"job": 32446, "amount": 1660, "target": 28776, "now": 32446, "order": 32640, "order_amount": 5913}, "job_ce_weighted": 0.6289069320497163, "job_accuracy_weighted": 0.7807664522262439, "amount
2026-09-29 05:57:08 colab4: Current balance: 49.56 compute units | Usage rate: 2.92/hr
2026-09-29 05:57:21 pulled last.pt (249 MB)
2026-09-29 06:01:38 VM train: {"event": "train", "step": 342940, "epoch": 2, "loss": 6.534364223480225, "job": 1.4183, "amount": 0.4381, "target": 2.475, "now": 0.6605, "order": 0.2591, "order_amount": 1.2833, "lr": 6.403635798351776e-05, "elapsed_s": 38754.06, "turns_per_s": 316.6, "peak_gpu_bytes": 0}
2026-09-29 06:03:41 token refresh: ok
2026-09-29 06:12:01 VM train: {"event": "train", "step": 346060, "epoch": 2, "loss": 7.013797760009766, "job": 1.4609, "amount": 0.901, "target": 2.2983, "now": 0.6743, "order": 0.1922, "order_amount": 1.4871, "lr": 6.22851138256612e-05, "elapsed_s": 39377.9, "turns_per_s": 316.8, "peak_gpu_bytes": 0}
2026-09-29 06:22:14 VM train: {"event": "train", "step": 349120, "epoch": 2, "loss": 7.080350399017334, "job": 1.1353, "amount": 1.6798, "target": 2.2815, "now": 0.6608, "order": 0.2156, "order_amount": 1.1073, "lr": 6.0581634055581945e-05, "elapsed_s": 39989.35, "turns_per_s": 317.7, "peak_gpu_bytes": 0}
2026-09-29 06:25:21 VM validation: {"event": "validation", "step": 350000, "job_ce": 0.6795377319238118, "job_accuracy": 0.7697096714541084, "amount_ce": 0.8053425616528614, "amount_accuracy": 0.7512048192771085, "target_ce": 0.3474072903634974, "target_accuracy": 0.8913678065054211, "now_ce": 0.19399260863242002, "now_accuracy": 0.9378043518461444, "order_ce": 0.4459598316865809, "order_accuracy": 0.8671568627450981, "order_amount_ce": 1.4201587075088788, "order_amount_accuracy": 0.6362252663622526, "val_loss": 3.8923987317680506, "farmer_command_accuracy": 0.7604166666666666, "hands_command_accuracy": 0.7348837209302326, "market_command_accuracy": 0.3063735656021015, "first_active_command_accuracy": 0.6589828119888266, "val_items": {"job": 32446, "amount": 1660, "target": 28776, "now": 32446, "order": 32640, "order_amount": 5913}, "job_ce_weighted": 0.6821757618114518, "job_accuracy_weighted": 0.7661881340724956, "amoun
2026-09-29 06:32:30 VM train: {"event": "train", "step": 352160, "epoch": 2, "loss": 8.533178329467773, "job": 1.7597, "amount": 1.0973, "target": 2.7485, "now": 0.9156, "order": 0.3465, "order_amount": 1.6656, "lr": 5.8873759179085086e-05, "elapsed_s": 40607.28, "turns_per_s": 321.6, "peak_gpu_bytes": 0}
2026-09-29 06:34:33 token refresh: ok
2026-09-29 06:42:44 VM train: {"event": "train", "step": 355220, "epoch": 2, "loss": 6.6401567459106445, "job": 1.3135, "amount": 0.7209, "target": 2.3896, "now": 0.6917, "order": 0.3327, "order_amount": 1.1918, "lr": 5.7191536404950367e-05, "elapsed_s": 41221.06, "turns_per_s": 320.0, "peak_gpu_bytes": 0}
2026-09-29 06:53:03 COLAB_TRAIN_VM_LOST Colab deleted the VM; the checkpoints in --out are the latest
2026-09-29 06:53:04 colab4 sessions after: [colab] No active sessions found on server.
COLAB_VMS_LEFT=0
2026-09-29 06:53:05 colab4 after: Current balance: 46.88 compute units | Usage rate: 0.00/hr
COLAB_TRAIN_EXIT=3
